2026-04-11 10:19:43,362 - EnsembleDetector - INFO - Loading production models...
2026-04-11 10:19:44,613 - EnsembleDetector - INFO - All models loaded successfully.
2026-04-11 10:19:44,896 - EnsembleDetector - INFO - Starting live capture on wlan0
2026-04-11 10:19:44,896 - EnsembleDetector - INFO - Confidence threshold: 0.75
2026-04-11 10:19:44,896 - EnsembleDetector - INFO - Rate limit: 10s per attack/source
2026-04-11 10:19:44,896 - EnsembleDetector - INFO - Sniffing... Press Ctrl+C to stop
2026-04-11 18:10:35,838 - EnsembleDetector - INFO - Loading production models...
2026-04-11 18:10:37,002 - EnsembleDetector - INFO - All models loaded successfully.
2026-04-11 18:10:37,331 - EnsembleDetector - INFO - Starting live capture on wlan1mon
2026-04-11 18:10:37,331 - EnsembleDetector - INFO - Confidence threshold: 0.75
2026-04-11 18:10:37,331 - EnsembleDetector - INFO - Rate limit: 10s per attack/source
2026-04-11 18:10:37,331 - EnsembleDetector - INFO - Sniffing... Press Ctrl+C to stop
2026-04-11 18:14:45,666 - EnsembleDetector - INFO - Loading production models...
2026-04-11 18:14:45,804 - EnsembleDetector - INFO - All models loaded successfully.
2026-04-11 18:14:46,067 - EnsembleDetector - INFO - Starting live capture on wlan1mon
2026-04-11 18:14:46,067 - EnsembleDetector - INFO - Confidence threshold: 0.75
2026-04-11 18:14:46,067 - EnsembleDetector - INFO - Rate limit: 10s per attack/source
2026-04-11 18:14:46,067 - EnsembleDetector - INFO - Sniffing... Press Ctrl+C to stop
2026-04-11 18:15:16,108 - EnsembleDetector - INFO - Learning finished. Trusted SSIDs: {'rabih', 'D.N.I.78887989.abd', 'Chavo'}
2026-04-11 18:15:20,215 - EnsembleDetector - INFO - Status: 1300 packets, 0 attacks
2026-04-11 18:15:25,680 - EnsembleDetector - INFO - Status: 1400 packets, 0 attacks
2026-04-11 18:29:14,581 - EnsembleDetector - INFO - Loading production models...
2026-04-11 18:29:14,716 - EnsembleDetector - INFO - All models loaded successfully.
2026-04-11 18:29:14,937 - EnsembleDetector - INFO - Starting live capture on wlan1mon
2026-04-11 18:29:14,938 - EnsembleDetector - INFO - Confidence threshold: 0.75
2026-04-11 18:29:14,938 - EnsembleDetector - INFO - Rate limit: 10s per attack/source
2026-04-11 18:29:14,938 - EnsembleDetector - INFO - Sniffing... Press Ctrl+C to stop
2026-04-11 18:29:44,433 - EnsembleDetector - INFO - Loading production models...
2026-04-11 18:29:44,569 - EnsembleDetector - INFO - All models loaded successfully.
2026-04-11 18:29:44,784 - EnsembleDetector - INFO - Starting live capture on wlan1mon
2026-04-11 18:29:44,784 - EnsembleDetector - INFO - Confidence threshold: 0.75
2026-04-11 18:29:44,784 - EnsembleDetector - INFO - Rate limit: 10s per attack/source
2026-04-11 18:29:44,784 - EnsembleDetector - INFO - Sniffing... Press Ctrl+C to stop
2026-04-11 18:32:54,542 - EnsembleDetector - INFO - Loading production models...
2026-04-11 18:32:54,680 - EnsembleDetector - INFO - All models loaded successfully.
2026-04-11 18:33:34,755 - EnsembleDetector - INFO - Loading production models...
2026-04-11 18:33:34,896 - EnsembleDetector - INFO - All models loaded successfully.
2026-04-11 18:33:35,112 - EnsembleDetector - INFO - Starting live capture on wlan1mon
2026-04-11 18:33:35,112 - EnsembleDetector - INFO - Confidence threshold: 0.75
2026-04-11 18:33:35,112 - EnsembleDetector - INFO - Rate limit: 10s per attack/source
2026-04-11 18:33:35,112 - EnsembleDetector - INFO - Sniffing... Press Ctrl+C to stop
2026-04-11 18:34:05,117 - EnsembleDetector - INFO - Learning finished. Trusted SSIDs: {'Chavo', 'rabih', 'D.N.I.78887989.abd'}
2026-04-11 18:34:05,475 - EnsembleDetector - INFO - Status: 2500 packets, 0 attacks
2026-04-11 18:35:46,946 - EnsembleDetector - INFO - Loading production models...
2026-04-11 18:35:47,099 - EnsembleDetector - INFO - All models loaded successfully.
2026-04-11 18:35:47,100 - EnsembleDetector - INFO - Starting live capture on wlan1mon using tcpdump
2026-04-11 18:35:47,100 - EnsembleDetector - INFO - Confidence threshold: 0.75
2026-04-11 18:35:47,100 - EnsembleDetector - INFO - Rate limit: 10s per attack/source
2026-04-11 18:36:17,110 - EnsembleDetector - INFO - Learning finished. Trusted SSIDs: {'b0:be:76:f5:d3:04', 'bc:e0:01:f7:4d:32', '80:af:ca:3a:37:6c', '82:af:ca:2a:37:6c'}
2026-04-11 18:49:33,001 - EnsembleDetector - INFO - Loading production models...
2026-04-11 18:49:33,159 - EnsembleDetector - INFO - All models loaded successfully.
2026-04-11 18:49:48,450 - EnsembleDetector - INFO - Loading production models...
2026-04-11 18:49:48,606 - EnsembleDetector - INFO - All models loaded successfully.
2026-04-11 18:49:48,606 - EnsembleDetector - INFO - Starting live capture on wlan1mon
2026-04-11 18:49:48,606 - EnsembleDetector - INFO - Confidence threshold: 0.75
2026-04-11 18:49:48,606 - EnsembleDetector - INFO - Rate limit: 10s per attack/source
2026-04-11 18:49:48,606 - EnsembleDetector - INFO - Running: sudo tcpdump -i wlan1mon -l -n -e 2>/dev/null
2026-04-11 18:50:03,858 - EnsembleDetector - INFO - Captured 100 packets...
2026-04-11 18:50:05,758 - EnsembleDetector - INFO - Captured 200 packets...
2026-04-11 18:50:07,358 - EnsembleDetector - INFO - Captured 300 packets...
2026-04-11 18:50:07,875 - EnsembleDetector - INFO - Stopping capture...
2026-04-11 18:51:32,949 - EnsembleDetector - INFO - Loading production models...
2026-04-11 18:51:33,095 - EnsembleDetector - INFO - All models loaded successfully.
2026-04-11 18:51:33,095 - EnsembleDetector - INFO - Starting live capture on wlan1mon
2026-04-11 18:51:33,095 - EnsembleDetector - INFO - Confidence threshold: 0.75
2026-04-11 18:51:33,095 - EnsembleDetector - INFO - Rate limit: 10s per attack/source
2026-04-11 18:51:33,095 - EnsembleDetector - INFO - Capturing packets...
2026-04-11 18:52:03,106 - EnsembleDetector - INFO - Learning finished. Trusted SSIDs: {'82:af:ca:2a:37:6c', '80:af:ca:3a:37:6c', 'b0:be:76:f5:d3:04', 'bc:e0:01:f7:4d:32'}
2026-04-11 18:52:07,918 - EnsembleDetector - INFO - Status: 1600 packets, 0 attacks
2026-04-11 18:52:13,947 - EnsembleDetector - INFO - Status: 1800 packets, 0 attacks
2026-04-11 18:52:18,906 - EnsembleDetector - INFO - Status: 2000 packets, 0 attacks
2026-04-11 18:52:30,619 - EnsembleDetector - INFO - Status: 2500 packets, 0 attacks
2026-04-11 18:52:31,221 - EnsembleDetector - WARNING - ⚠️  DEAUTH ATTACK #1!
2026-04-11 18:52:31,221 - EnsembleDetector - WARNING -    Packet: 18:52:31.171084 1145445360us tsft 1.0 Mb/s 2457 MHz 11b -87dBm signal -87dBm signal antenna 0 BSSID:b0:be:76:f5:d3:04 DA:b0:be:76:f5:d3:04 SA:5a:65:57:56:19:df DeAuthentication: Deauthenticated becaus
2026-04-11 18:52:34,836 - EnsembleDetector - INFO - Status: 2700 packets, 1 attacks
2026-04-11 18:52:39,919 - EnsembleDetector - INFO - Status: 2900 packets, 1 attacks
2026-04-11 18:52:45,697 - EnsembleDetector - INFO - Stopping capture...
2026-04-14 06:31:25,457 - EnsembleDetector - INFO - Loading production models...
2026-04-14 06:31:26,717 - EnsembleDetector - INFO - All models loaded successfully.
2026-04-14 06:32:37,713 - EnsembleDetector - INFO - Loading production models...
2026-04-14 06:32:37,902 - EnsembleDetector - INFO - All models loaded successfully.
2026-04-14 06:37:59,325 - EnsembleDetector - INFO - Loading production models...
2026-04-14 06:37:59,500 - EnsembleDetector - INFO - All models loaded successfully.
2026-04-14 06:38:43,345 - EnsembleDetector - INFO - Loading production models...
2026-04-14 06:38:43,503 - EnsembleDetector - INFO - All models loaded successfully.
2026-04-14 06:39:07,050 - EnsembleDetector - INFO - Loading production models...
2026-04-14 06:39:07,183 - EnsembleDetector - INFO - All models loaded successfully.
2026-04-14 07:09:53,561 - EnsembleDetector - INFO - Loading production models...
2026-04-14 07:09:53,740 - EnsembleDetector - INFO - All models loaded successfully.
2026-04-14 07:10:03,416 - EnsembleDetector - INFO - Loading production models...
2026-04-14 07:10:03,559 - EnsembleDetector - INFO - All models loaded successfully.
2026-04-14 07:27:11,044 - EnsembleDetector - INFO - Loading production models...
2026-04-14 07:27:11,179 - EnsembleDetector - INFO - All models loaded successfully.
2026-04-14 07:29:00,902 - EnsembleDetector - INFO - Loading production models...
2026-04-14 07:29:01,047 - EnsembleDetector - INFO - All models loaded successfully.
2026-04-14 07:31:49,167 - EnsembleDetector - INFO - Loading production models...
2026-04-14 07:31:49,301 - EnsembleDetector - INFO - All models loaded successfully.
2026-04-14 07:32:25,376 - EnsembleDetector - INFO - Loading production models...
2026-04-14 07:32:25,511 - EnsembleDetector - INFO - All models loaded successfully.
2026-04-14 07:33:52,346 - EnsembleDetector - INFO - Loading production models...
2026-04-14 07:33:52,516 - EnsembleDetector - INFO - All models loaded successfully.
2026-04-14 07:35:18,739 - EnsembleDetector - INFO - Loading production models...
2026-04-14 07:35:18,889 - EnsembleDetector - INFO - All models loaded successfully.
2026-04-14 07:35:31,065 - EnsembleDetector - INFO - Loading production models...
2026-04-14 07:35:31,213 - EnsembleDetector - INFO - All models loaded successfully.
2026-04-14 07:37:16,059 - EnsembleDetector - INFO - Loading production models...
2026-04-14 07:37:16,228 - EnsembleDetector - INFO - All models loaded successfully.
2026-04-14 08:36:30,219 - EnsembleDetector - INFO - Loading production models...
2026-04-14 08:36:30,393 - EnsembleDetector - INFO - All models loaded successfully.
2026-04-14 08:41:13,996 - EnsembleDetector - INFO - Loading production models...
2026-04-14 08:41:14,169 - EnsembleDetector - INFO - All models loaded successfully.
2026-04-14 08:50:45,181 - EnsembleDetector - INFO - Loading production models...
2026-04-14 08:50:45,420 - EnsembleDetector - INFO - All models loaded successfully.
2026-04-15 07:05:57,870 - EnsembleDetector - INFO - Loading production models...
2026-04-15 07:05:59,081 - EnsembleDetector - INFO - All models loaded successfully.
