2026-04-13 18:51:11,373 - EnsembleDetector - INFO - Loading production models...
2026-04-13 18:51:11,568 - EnsembleDetector - INFO - All models loaded successfully.
2026-04-13 18:55:09,321 - EnsembleDetector - INFO - Loading production models...
2026-04-13 18:55:09,453 - EnsembleDetector - INFO - All models loaded successfully.
2026-04-13 18:56:43,865 - EnsembleDetector - INFO - Loading production models...
2026-04-13 18:56:44,008 - EnsembleDetector - INFO - All models loaded successfully.
2026-04-13 19:07:52,523 - EnsembleDetector - INFO - Loading production models...
2026-04-13 19:07:52,659 - EnsembleDetector - INFO - All models loaded successfully.
2026-04-13 19:08:21,043 - EnsembleDetector - INFO - Loading production models...
2026-04-13 19:08:21,179 - EnsembleDetector - INFO - All models loaded successfully.
2026-04-14 08:39:35,325 - EnsembleDetector - INFO - Loading production models...
2026-04-14 08:39:35,477 - EnsembleDetector - INFO - All models loaded successfully.
2026-04-15 07:11:16,675 - EnsembleDetector - INFO - Loading production models...
2026-04-15 07:11:16,828 - EnsembleDetector - INFO - All models loaded successfully.
2026-04-15 07:11:28,229 - EnsembleDetector - INFO - Loading production models...
2026-04-15 07:11:28,380 - EnsembleDetector - INFO - All models loaded successfully.
2026-04-15 07:16:20,865 - EnsembleDetector - INFO - Loading production models...
2026-04-15 07:16:21,012 - EnsembleDetector - INFO - All models loaded successfully.
2026-04-15 07:21:27,017 - EnsembleDetector - INFO - Loading production models...
2026-04-15 07:21:27,160 - EnsembleDetector - INFO - All models loaded successfully.
2026-04-15 07:26:28,972 - EnsembleDetector - INFO - Loading production models...
2026-04-15 07:26:29,124 - EnsembleDetector - INFO - All models loaded successfully.
2026-04-15 07:30:31,013 - EnsembleDetector - INFO - Loading production models...
2026-04-15 07:30:31,168 - EnsembleDetector - INFO - All models loaded successfully.
2026-04-15 07:30:31,180 - EnsembleDetector - INFO - Promiscuous mode ENABLED on wlan0
2026-04-15 07:31:32,870 - EnsembleDetector - INFO - Cleaning up promiscuous mode on wlan0...
2026-04-15 07:31:32,887 - EnsembleDetector - INFO - Promiscuous mode DISABLED on wlan0
2026-04-15 07:31:32,887 - EnsembleDetector - ERROR - Error during capture: reentrant call inside <_io.BufferedReader name=5>
2026-04-15 07:31:32,887 - EnsembleDetector - INFO - Cleaning up promiscuous mode on wlan0...
2026-04-15 07:31:32,898 - EnsembleDetector - INFO - Promiscuous mode DISABLED on wlan0
